<?xml version="1.0" encoding="UTF-8"?>
<TestRun id="b44e4f55-c419-417b-94c3-43cce0879df6" name="Geoff@FURNACE 2012-05-27 18:49:37" runUser="Furnace\Geoff" xmlns="http://microsoft.com/schemas/VisualStudio/TeamTest/2010">
  <TestSettings name="Local" id="65fac57b-d0a1-498e-a59a-ad06f956ef96">
    <Description>These are default test settings for a local test run.</Description>
    <Deployment enabled="false" runDeploymentRoot="Geoff_FURNACE 2012-05-27 18_49_37">
      <DeploymentItem filename="Q:\code\TestBench1\TerrainEngine\bin\x86\Release\TerrainEngine.dll" />
    </Deployment>
    <Execution>
      <TestTypeSpecific />
      <AgentRule name="Execution Agents">
      </AgentRule>
    </Execution>
  </TestSettings>
  <Times creation="2012-05-27T18:49:37.9303727+12:00" queuing="2012-05-27T18:49:38.8734267+12:00" start="2012-05-27T18:49:38.9474309+12:00" finish="2012-05-27T18:49:40.0934965+12:00" />
  <ResultSummary outcome="Completed">
    <Counters total="3" executed="3" passed="3" error="0" failed="0" timeout="0" aborted="0" inconclusive="0" passedButRunAborted="0" notRunnable="0" notExecuted="0" disconnected="0" warning="0" completed="0" inProgress="0" pending="0" />
  </ResultSummary>
  <TestDefinitions>
    <UnitTest name="setdata_sets_texcoords_correctly_for_top_left_patch" storage="q:\code\testbench1\terraintest\bin\release\terraintest.dll" id="a1bf9ddb-d054-8ed3-b9ea-68c7bd2ba663">
      <Execution id="de997097-9948-4da2-aa40-58b201eb222c" />
      <TestMethod codeBase="Q:/code/TestBench1/TerrainTest/bin/Release/TerrainTest.DLL" adapterTypeName="Microsoft.VisualStudio.TestTools.TestTypes.Unit.UnitTestAdapter, Microsoft.VisualStudio.QualityTools.Tips.UnitTest.Adapter, Version=10.0.0.0, Culture=neutral, PublicKeyToken=b03f5f7f11d50a3a" className="TerrainTest.PatchTest, TerrainTest, Version=1.0.0.0, Culture=neutral, PublicKeyToken=null" name="setdata_sets_texcoords_correctly_for_top_left_patch" />
    </UnitTest>
    <UnitTest name="setdata_sets_data_from_the_bottom_right_of_a_larger_array" storage="q:\code\testbench1\terraintest\bin\release\terraintest.dll" id="0c13a24b-5bf6-482a-824b-34da575d93dd">
      <Execution id="f3322b3e-aa4a-4e2f-9b85-5e7baae1ea74" />
      <TestMethod codeBase="Q:/code/TestBench1/TerrainTest/bin/Release/TerrainTest.DLL" adapterTypeName="Microsoft.VisualStudio.TestTools.TestTypes.Unit.UnitTestAdapter, Microsoft.VisualStudio.QualityTools.Tips.UnitTest.Adapter, Version=10.0.0.0, Culture=neutral, PublicKeyToken=b03f5f7f11d50a3a" className="TerrainTest.PatchTest, TerrainTest, Version=1.0.0.0, Culture=neutral, PublicKeyToken=null" name="setdata_sets_data_from_the_bottom_right_of_a_larger_array" />
    </UnitTest>
    <UnitTest name="setdata_sets_data_from_the_top_left_of_a_larger_array" storage="q:\code\testbench1\terraintest\bin\release\terraintest.dll" id="02ae13ab-f2ea-c853-c985-31229f4c98b6">
      <Execution id="1c68a44b-e8aa-409a-b330-3e82bb6286d6" />
      <TestMethod codeBase="Q:/code/TestBench1/TerrainTest/bin/Release/TerrainTest.DLL" adapterTypeName="Microsoft.VisualStudio.TestTools.TestTypes.Unit.UnitTestAdapter, Microsoft.VisualStudio.QualityTools.Tips.UnitTest.Adapter, Version=10.0.0.0, Culture=neutral, PublicKeyToken=b03f5f7f11d50a3a" className="TerrainTest.PatchTest, TerrainTest, Version=1.0.0.0, Culture=neutral, PublicKeyToken=null" name="setdata_sets_data_from_the_top_left_of_a_larger_array" />
    </UnitTest>
  </TestDefinitions>
  <TestLists>
    <TestList name="Results Not in a List" id="8c84fa94-04c1-424b-9868-57a2d4851a1d" />
    <TestList name="All Loaded Results" id="19431567-8539-422a-85d7-44ee4e166bda" />
  </TestLists>
  <TestEntries>
    <TestEntry testId="02ae13ab-f2ea-c853-c985-31229f4c98b6" executionId="1c68a44b-e8aa-409a-b330-3e82bb6286d6" testListId="8c84fa94-04c1-424b-9868-57a2d4851a1d" />
    <TestEntry testId="0c13a24b-5bf6-482a-824b-34da575d93dd" executionId="f3322b3e-aa4a-4e2f-9b85-5e7baae1ea74" testListId="8c84fa94-04c1-424b-9868-57a2d4851a1d" />
    <TestEntry testId="a1bf9ddb-d054-8ed3-b9ea-68c7bd2ba663" executionId="de997097-9948-4da2-aa40-58b201eb222c" testListId="8c84fa94-04c1-424b-9868-57a2d4851a1d" />
  </TestEntries>
  <Results>
    <UnitTestResult executionId="1c68a44b-e8aa-409a-b330-3e82bb6286d6" testId="02ae13ab-f2ea-c853-c985-31229f4c98b6" testName="setdata_sets_data_from_the_top_left_of_a_larger_array" computerName="FURNACE" duration="00:00:00.1338003" startTime="2012-05-27T18:49:39.0154348+12:00" endTime="2012-05-27T18:49:39.9564886+12:00" testType="13cdc9d9-ddb5-4fa4-a97d-d965ccfc6d4b" outcome="Passed" testListId="8c84fa94-04c1-424b-9868-57a2d4851a1d" relativeResultsDirectory="1c68a44b-e8aa-409a-b330-3e82bb6286d6">
    </UnitTestResult>
    <UnitTestResult executionId="f3322b3e-aa4a-4e2f-9b85-5e7baae1ea74" testId="0c13a24b-5bf6-482a-824b-34da575d93dd" testName="setdata_sets_data_from_the_bottom_right_of_a_larger_array" computerName="FURNACE" duration="00:00:00.0007861" startTime="2012-05-27T18:49:39.9704894+12:00" endTime="2012-05-27T18:49:39.9824901+12:00" testType="13cdc9d9-ddb5-4fa4-a97d-d965ccfc6d4b" outcome="Passed" testListId="8c84fa94-04c1-424b-9868-57a2d4851a1d" relativeResultsDirectory="f3322b3e-aa4a-4e2f-9b85-5e7baae1ea74">
    </UnitTestResult>
    <UnitTestResult executionId="de997097-9948-4da2-aa40-58b201eb222c" testId="a1bf9ddb-d054-8ed3-b9ea-68c7bd2ba663" testName="setdata_sets_texcoords_correctly_for_top_left_patch" computerName="FURNACE" duration="00:00:00.0005011" startTime="2012-05-27T18:49:39.9924907+12:00" endTime="2012-05-27T18:49:40.0074915+12:00" testType="13cdc9d9-ddb5-4fa4-a97d-d965ccfc6d4b" outcome="Passed" testListId="8c84fa94-04c1-424b-9868-57a2d4851a1d" relativeResultsDirectory="de997097-9948-4da2-aa40-58b201eb222c">
    </UnitTestResult>
  </Results>
</TestRun>