<?xml version="1.0" encoding="UTF-8"?>
<TestRun id="cde91d6f-c947-4d08-b6a5-93c1e7e825b5" name="Geoff@FURNACE 2012-05-27 18:30:18" runUser="Furnace\Geoff" xmlns="http://microsoft.com/schemas/VisualStudio/TeamTest/2010">
  <TestSettings name="Local" id="65fac57b-d0a1-498e-a59a-ad06f956ef96">
    <Description>These are default test settings for a local test run.</Description>
    <Deployment enabled="false" runDeploymentRoot="Geoff_FURNACE 2012-05-27 18_30_18">
      <DeploymentItem filename="Q:\code\TestBench1\TerrainEngine\bin\x86\Release\TerrainEngine.dll" />
    </Deployment>
    <Execution>
      <TestTypeSpecific />
      <AgentRule name="Execution Agents">
      </AgentRule>
    </Execution>
  </TestSettings>
  <Times creation="2012-05-27T18:30:18.9633500+12:00" queuing="2012-05-27T18:30:19.8333998+12:00" start="2012-05-27T18:30:19.8964034+12:00" finish="2012-05-27T18:30:20.9214620+12:00" />
  <ResultSummary outcome="Completed">
    <Counters total="2" executed="2" passed="2" error="0" failed="0" timeout="0" aborted="0" inconclusive="0" passedButRunAborted="0" notRunnable="0" notExecuted="0" disconnected="0" warning="0" completed="0" inProgress="0" pending="0" />
  </ResultSummary>
  <TestDefinitions>
    <UnitTest name="setdata_sets_data_from_the_top_left_of_a_larger_array" storage="q:\code\testbench1\terraintest\bin\release\terraintest.dll" id="02ae13ab-f2ea-c853-c985-31229f4c98b6">
      <Execution id="2c206c79-a941-4774-839a-2f7d7c25bef2" />
      <TestMethod codeBase="Q:/code/TestBench1/TerrainTest/bin/Release/TerrainTest.DLL" adapterTypeName="Microsoft.VisualStudio.TestTools.TestTypes.Unit.UnitTestAdapter, Microsoft.VisualStudio.QualityTools.Tips.UnitTest.Adapter, Version=10.0.0.0, Culture=neutral, PublicKeyToken=b03f5f7f11d50a3a" className="TerrainTest.PatchTest, TerrainTest, Version=1.0.0.0, Culture=neutral, PublicKeyToken=null" name="setdata_sets_data_from_the_top_left_of_a_larger_array" />
    </UnitTest>
    <UnitTest name="setdata_sets_data_from_the_bottom_right_of_a_larger_array" storage="q:\code\testbench1\terraintest\bin\release\terraintest.dll" id="0c13a24b-5bf6-482a-824b-34da575d93dd">
      <Execution id="41193a37-9686-4b51-bdb0-d7a987dd1841" />
      <TestMethod codeBase="Q:/code/TestBench1/TerrainTest/bin/Release/TerrainTest.DLL" adapterTypeName="Microsoft.VisualStudio.TestTools.TestTypes.Unit.UnitTestAdapter, Microsoft.VisualStudio.QualityTools.Tips.UnitTest.Adapter, Version=10.0.0.0, Culture=neutral, PublicKeyToken=b03f5f7f11d50a3a" className="TerrainTest.PatchTest, TerrainTest, Version=1.0.0.0, Culture=neutral, PublicKeyToken=null" name="setdata_sets_data_from_the_bottom_right_of_a_larger_array" />
    </UnitTest>
  </TestDefinitions>
  <TestLists>
    <TestList name="Results Not in a List" id="8c84fa94-04c1-424b-9868-57a2d4851a1d" />
    <TestList name="All Loaded Results" id="19431567-8539-422a-85d7-44ee4e166bda" />
  </TestLists>
  <TestEntries>
    <TestEntry testId="02ae13ab-f2ea-c853-c985-31229f4c98b6" executionId="2c206c79-a941-4774-839a-2f7d7c25bef2" testListId="8c84fa94-04c1-424b-9868-57a2d4851a1d" />
    <TestEntry testId="0c13a24b-5bf6-482a-824b-34da575d93dd" executionId="41193a37-9686-4b51-bdb0-d7a987dd1841" testListId="8c84fa94-04c1-424b-9868-57a2d4851a1d" />
  </TestEntries>
  <Results>
    <UnitTestResult executionId="2c206c79-a941-4774-839a-2f7d7c25bef2" testId="02ae13ab-f2ea-c853-c985-31229f4c98b6" testName="setdata_sets_data_from_the_top_left_of_a_larger_array" computerName="FURNACE" duration="00:00:00.0965195" startTime="2012-05-27T18:30:19.9414059+12:00" endTime="2012-05-27T18:30:20.7944547+12:00" testType="13cdc9d9-ddb5-4fa4-a97d-d965ccfc6d4b" outcome="Passed" testListId="8c84fa94-04c1-424b-9868-57a2d4851a1d" relativeResultsDirectory="2c206c79-a941-4774-839a-2f7d7c25bef2">
    </UnitTestResult>
    <UnitTestResult executionId="41193a37-9686-4b51-bdb0-d7a987dd1841" testId="0c13a24b-5bf6-482a-824b-34da575d93dd" testName="setdata_sets_data_from_the_bottom_right_of_a_larger_array" computerName="FURNACE" duration="00:00:00.0008441" startTime="2012-05-27T18:30:20.8044553+12:00" endTime="2012-05-27T18:30:20.8154559+12:00" testType="13cdc9d9-ddb5-4fa4-a97d-d965ccfc6d4b" outcome="Passed" testListId="8c84fa94-04c1-424b-9868-57a2d4851a1d" relativeResultsDirectory="41193a37-9686-4b51-bdb0-d7a987dd1841">
    </UnitTestResult>
  </Results>
</TestRun>